INFO:root:this is the  start of my info
INFO:root:this is the end of my func
INFO:root:this is the  start of my info
INFO:root:this is the end of my func
